<2022/01/25 18:51:49>: MoeinBig(0) has joined the server (Official SA-MP 0.3.7)

<2022/01/25 18:57:19>: MoeinBig has left the game (/q)

<2022/01/25 18:58:39>: MoeinBig(0) has joined the server (Official SA-MP 0.3.7)

<2022/01/25 18:58:51>: [Admin-Warn]: {FFFFFF}Account register: MoeinBig(0)

<2022/01/25 18:58:51>: [Admin-Warn]: {ffffff}Player's HWID: 988949EDEEDC44D95DDEFC40DFCCC58499DCEADC

<2022/01/25 19:01:22>: [REPORT #1]: MoeinBig(0):{FFFFFF} salam

<2022/01/25 19:02:05>: MoeinBig has left the game (/q)

<2022/01/25 19:02:26>: MoeinBig(0) has joined the server (Official SA-MP 0.3.7)

<2022/01/25 19:02:36>: [Admin-Warn]:{ffffff} Now server has at least one active admin

<2022/01/25 19:03:04>: « CM Assistant {33CCFF}MoeinBig:{FFFFFF} s {E04343}»

<2022/01/25 19:03:04>: « CM Assistant {33CCFF}MoeinBig:{FFFFFF} s {E04343}»

<2022/01/25 19:03:26>: MoeinBig has left the game (/q)

<2022/01/25 19:03:27>: [Admin-Warn]:{ffffff} Now server hasn't any active admin

<2022/01/25 19:03:48>: MoeinBig(0) has joined the server (Official SA-MP 0.3.7)

<2022/01/25 19:04:00>: [Admin-Warn]:{ffffff} Now server has at least one active admin

<2022/01/25 19:04:22>: [Admin-Warn]: {FFFFFF}Admin MoeinBig has slapped MoeinBig

<2022/01/25 19:05:34>: « CM Assistant {33CCFF}MoeinBig:{FFFFFF} affa {E04343}»

<2022/01/25 19:05:34>: « CM Assistant {33CCFF}MoeinBig:{FFFFFF} affa {E04343}»

<2022/01/25 19:05:55>: [Admin-Warn]: {FFFFFF}Vehicle Infernus with id 772 created by MoeinBig.

<2022/01/25 19:08:32>: [Admin-Warn]: {FFFFFF}Admin MoeinBig has teleported to his mark.

<2022/01/25 19:08:34>: [Admin-Warn]: {FFFFFF}Admin MoeinBig has teleported to his mark.

<2022/01/25 19:08:35>: [Admin-Warn]: {FFFFFF}Admin MoeinBig has teleported to his mark.

<2022/01/25 19:08:38>: [Admin-Warn]: {FFFFFF}Admin MoeinBig has teleported to his mark.

<2022/01/25 19:08:42>: [Admin-Warn]: {FFFFFF}Admin MoeinBig has teleported to his mark.

<2022/01/25 19:08:46>: [Admin-Warn]: {FFFFFF}Admin MoeinBig has teleported to his mark.

<2022/01/25 19:08:56>: MoeinBig has left the game (/q)

<2022/01/25 19:08:56>: [Admin-Warn]:{ffffff} Now server hasn't any active admin

<2022/01/25 22:42:16>: MoeinBig(0) has joined the server (Official SA-MP 0.3.7)

<2022/01/25 22:42:25>: MoeinBig has left the game (kicked/banned)

<2022/01/25 22:43:40>: MoeinBig(0) has joined the server (Official SA-MP 0.3.7)

<2022/01/25 22:43:52>: [Admin-Warn]:{ffffff} Now server has at least one active admin

<2022/01/25 22:45:26>: [Admin-Warn]:{ffffff} Now server hasn't any active admin

<2022/01/25 22:46:16>: [Admin-Warn]:{ffffff} Now server has at least one active admin

<2022/01/25 22:46:22>: MoeinBig has left the game (/q)

<2022/01/25 22:46:22>: [Admin-Warn]:{ffffff} Now server hasn't any active admin

<2022/01/25 22:48:23>: MoeinBig(0) has joined the server (Official SA-MP 0.3.7)

<2022/01/25 22:48:40>: [Admin-Warn]: {FFFFFF}Account register: MoeinBig(0)

<2022/01/25 22:48:40>: [Admin-Warn]: {ffffff}Player's HWID: 988949EDEEDC44D95DDEFC40DFCCC58499DCEADC

<2022/01/25 22:51:09>: MoeinBig(0) has joined the server (Official SA-MP 0.3.7)

<2022/01/25 22:51:20>: [Admin-Warn]:{ffffff} Now server has at least one active admin

<2022/01/25 22:52:03>: [Admin-Warn]:{FFFFFF} Admin MoeinBig sets MoeinBig's level to 1

<2022/01/25 22:52:07>: [Admin-Warn]:{FFFFFF} Admin MoeinBig sets MoeinBig's level to 20

<2022/01/25 22:57:22>: [Admin-Warn]: {FFFFFF}Vehicle Infernus with id 772 created by MoeinBig.

<2022/01/25 22:59:53>: [Admin-Warn]:{FFFFFF} Admin MoeinBig sets MoeinBig's level to 1

<2022/01/25 23:00:24>: [Admin-Warn]:{FFFFFF} Admin MoeinBig sets MoeinBig's faction rank to 2

<2022/01/25 23:00:41>: [Admin-Warn]:{FFFFFF} Admin MoeinBig sets MoeinBig's faction rank to 2

<2022/01/25 23:01:22>: [Admin-Warn]: {FFFFFF}Admin MoeinBig has toggled Staff Auto Respond mode on.

<2022/01/25 23:02:45>: [Admin-Warn]: {ffffff}Player MoeinBig(0) reported a bug

<2022/01/25 23:03:21>: « CM Founder {33CCFF}MoeinBig:{FFFFFF} give {E04343}»

<2022/01/25 23:03:21>: « CM Founder {33CCFF}MoeinBig:{FFFFFF} give {E04343}»

<2022/01/25 23:04:59>: [Admin-Warn]: {FFFFFF}Admin MoeinBig fixed vehicleid 361.

<2022/01/25 23:05:10>: [Admin-Warn]: {FFFFFF}Admin MoeinBig gots nitro.

<2022/01/25 23:05:26>: [Admin-Warn]: {FFFFFF}Admin MoeinBig gots nitro.

<2022/01/25 23:05:48>: [Admin-Warn]: {FFFFFF}Admin MoeinBig gots nitro.

<2022/01/25 23:05:53>: [Admin-Warn]: {FFFFFF}Admin MoeinBig fixed vehicleid 361.

<2022/01/25 23:06:12>: [Admin-Warn]: {FFFFFF}Admin MoeinBig fixed vehicleid 361.

<2022/01/25 23:06:21>: [Admin-Warn]: {FFFFFF}Admin MoeinBig gots nitro.

<2022/01/25 23:06:51>: [Admin-Warn]: {FFFFFF}Admin MoeinBig gots nitro.

<2022/01/25 23:07:13>: [Admin-Warn]: {FFFFFF}Admin MoeinBig gots nitro.

<2022/01/25 23:07:40>: [Admin-Warn]: {FFFFFF}Admin MoeinBig gots nitro.

<2022/01/25 23:07:50>: [Admin-Warn]: {FFFFFF}Admin MoeinBig gots nitro.

<2022/01/25 23:08:18>: [Admin-Warn]: {FFFFFF}Admin MoeinBig gots nitro.

<2022/01/25 23:09:19>: [Admin-Warn]: {FFFFFF}Admin MoeinBig gots nitro.

<2022/01/25 23:09:43>: [Admin-Warn]: {FFFFFF}Admin MoeinBig fixed vehicleid 772.

<2022/01/25 23:10:18>: [Admin-Warn]: {FFFFFF}Admin MoeinBig gots nitro.

<2022/01/25 23:10:20>: [Admin-Warn]: {FFFFFF}Admin MoeinBig fixed vehicleid 772.

<2022/01/25 23:10:58>: [Admin-Warn]: {FFFFFF}The betshop has locked automatically after 10 minutes.

<2022/01/25 23:11:41>: [Admin-Warn]: {FFFFFF}Admin MoeinBig has teleported to his mark.

<2022/01/25 23:11:44>: [Admin-Warn]: {FFFFFF}Admin MoeinBig has teleported to his mark.

<2022/01/25 23:11:51>: [Admin-Warn]: {FFFFFF}Admin MoeinBig enabled the flymode for MoeinBig

<2022/01/25 23:12:08>: [Admin-Warn]: {FFFFFF}Admin MoeinBig enabled the godmode feature for himself.

<2022/01/25 23:12:39>: [Admin-Warn]: {FFFFFF}Admin MoeinBig disabled the flymode for MoeinBig

<2022/01/25 23:13:27>: MoeinBig has left the game (/q)

<2022/01/25 23:13:27>: [Admin-Warn]:{ffffff} Now server hasn't any active admin

<2022/01/26 15:01:36>: MoeinBig(0) has joined the server (Official SA-MP 0.3.7)

<2022/01/26 15:01:48>: [Admin-Warn]:{ffffff} Now server has at least one active admin

<2022/01/26 15:02:07>: MoeinBig has left the game (/q)

<2022/01/26 15:02:08>: [Admin-Warn]:{ffffff} Now server hasn't any active admin

<2026/10/07 05:51:53>: Vexer(0) has joined the server (Official SA-MP 0.3.7)

<2026/10/07 05:52:03>: [Admin-Warn]: {FFFFFF}Account register: Vexer(0)

<2026/10/07 05:52:03>: [Admin-Warn]: {ffffff}Player's HWID: ED40ED0E8089CC44C08EE9580F4C8C44EE8EE990

<2026/10/07 05:53:46>: Vexer(0) has joined the server (Official SA-MP 0.3.7)

<2026/10/07 05:53:55>: [Admin-Warn]:{ffffff} Now server has at least one active admin

<2026/10/07 05:55:11>: [Admin-Warn]:{ffffff} Now server hasn't any active admin

<2026/10/07 05:56:17>: Vexer has left the game (kicked/banned)

<2026/10/07 05:56:21>: Vexer(0) has joined the server (Not Official SA-MP Version)

<2026/10/07 05:56:23>: [Admin-Warn]:{ffffff} Vexer(0) is using health hack (Prevented)

<2026/10/07 05:56:49>: Vexer has left the game (crashed/timedout)

<2026/10/07 05:57:13>: Vexer(0) has joined the server (Not Official SA-MP Version)

<2026/10/07 05:57:22>: [Admin-Warn]:{ffffff} Now server has at least one active admin

<2026/10/07 05:58:23>: [Admin-Warn]:{ffffff} Now server hasn't any active admin

<2026/10/07 05:58:28>: Vexer has left the game (crashed/timedout)

<2026/10/07 05:59:17>: Vexer(0) has joined the server (Not Official SA-MP Version)

<2026/10/07 05:59:26>: [Admin-Warn]:{ffffff} Now server has at least one active admin

<2026/10/07 05:59:39>: [Admin-Warn]:{ffffff} Now server hasn't any active admin

<2026/10/07 06:00:31>: [Admin-Warn]:{ffffff} Now server has at least one active admin

<2026/10/07 06:00:42>: [Admin-Warn]:{ffffff} Now server hasn't any active admin

<2026/10/07 06:00:43>: Persian(1) has joined the server (Official SA-MP 0.3.7)

<2026/10/07 06:00:53>: [Admin-Warn]: {FFFFFF}Account register: Persian(1)

<2026/10/07 06:00:53>: [Admin-Warn]: {ffffff}Player's HWID: ED40ED0E8089CC44C08EE9580F4C8C44EE8EE990

<2026/10/07 06:01:27>: [Admin-Warn]:{ffffff} Now server has at least one active admin

<2026/10/07 06:01:47>: [Admin-Warn]:{ffffff} Now server hasn't any active admin

<2026/10/07 06:10:42>: Persian(0) has joined the server (Official SA-MP 0.3.7)

<2026/10/07 06:10:58>: Vexer(1) has joined the server (Official SA-MP 0.3.7)

<2026/10/07 06:11:06>: [Admin-Warn]:{ffffff} Now server has at least one active admin

<2026/10/07 06:11:20>: [Admin-Warn]:{ffffff} Now server hasn't any active admin

<2026/10/07 06:14:29>: Persian(0) has joined the server (Official SA-MP 0.3.7)

<2026/10/07 06:26:18>: Persian(0) has joined the server (Official SA-MP 0.3.7)

<2026/10/07 06:27:28>: Persian(0) has joined the server (Official SA-MP 0.3.7)

<2026/10/07 06:28:40>: Persian(0) has joined the server (Official SA-MP 0.3.7)

<2026/10/07 06:29:57>: Persian(0) has joined the server (Official SA-MP 0.3.7)

<2026/10/07 06:31:29>: Persian(0) has joined the server (Official SA-MP 0.3.7)

<2026/10/07 06:33:00>: Persian(0) has joined the server (Official SA-MP 0.3.7)

<2026/10/07 06:41:41>: Persian(0) has joined the server (Official SA-MP 0.3.7)

<2026/10/07 06:46:11>: Persian(0) has joined the server (Official SA-MP 0.3.7)

<2026/10/07 06:47:09>: Persian(0) has joined the server (Official SA-MP 0.3.7)

<2026/10/07 06:53:56>: Persian(0) has joined the server (Official SA-MP 0.3.7)

<2026/10/07 06:54:36>: Vexer(1) has joined the server (Official SA-MP 0.3.7)

<2026/10/07 06:54:45>: [Admin-Warn]:{ffffff} Now server has at least one active admin

<2026/10/07 06:54:59>: [Admin-Warn]:{ffffff} Now server hasn't any active admin

<2026/10/07 07:00:34>: Persian(0) has joined the server (Official SA-MP 0.3.7)

<2026/10/07 07:03:44>: Persian(0) has joined the server (Official SA-MP 0.3.7)

<2026/10/07 07:15:18>: Persian(0) has joined the server (Official SA-MP 0.3.7)

<2026/10/07 07:24:32>: Persian(0) has joined the server (Official SA-MP 0.3.7)

<2026/10/07 08:08:30>: Persian(0) has joined the server (Official SA-MP 0.3.7)

<2026/10/07 08:11:11>: Persian(0) has joined the server (Official SA-MP 0.3.7)

<2026/10/07 08:19:43>: Persian(0) has joined the server (Official SA-MP 0.3.7)

<2026/10/07 08:22:44>: Persian(0) has joined the server (Official SA-MP 0.3.7)

<2026/10/07 08:25:33>: Persian(0) has joined the server (Official SA-MP 0.3.7)

<2026/10/07 08:32:07>: Persian(0) has joined the server (Official SA-MP 0.3.7)

<2026/10/07 08:33:20>: Persian(0) has joined the server (Official SA-MP 0.3.7)

<2026/10/07 08:35:51>: Vexer(1) has joined the server (Official SA-MP 0.3.7)

<2026/10/07 08:36:00>: [Admin-Warn]:{ffffff} Now server has at least one active admin

<2026/10/07 08:36:22>: [Admin-Warn]: {FFFFFF}Persian was unjailed by admin Vexer

<2026/10/07 08:36:28>: [Admin-Warn]:{ffffff} Now server hasn't any active admin

<2026/10/07 08:36:36>: [Admin-Warn]:{ffffff} Now server has at least one active admin

<2026/10/07 08:36:55>: [Admin-Warn]:{ffffff} Now server hasn't any active admin

<2026/10/07 08:37:40>: Persian(0) has joined the server (Official SA-MP 0.3.7)

<2026/10/07 08:38:08>: Vexer(1) has joined the server (Official SA-MP 0.3.7)

<2026/10/07 08:38:18>: [Admin-Warn]:{ffffff} Now server has at least one active admin

<2026/10/07 08:38:34>: [Admin-Warn]:{ffffff} Now server hasn't any active admin

<2026/10/07 08:38:35>: [Admin-Warn]:{ffffff} Now server has at least one active admin

<2026/10/07 08:38:40>: [Admin-Warn]: {FFFFFF}Persian was unjailed by admin Vexer

<2026/10/07 08:38:47>: [Admin-Warn]:{ffffff} Now server hasn't any active admin

<2026/10/07 08:38:47>: [Admin-Warn]:{ffffff} Now server has at least one active admin

<2026/10/07 08:39:04>: [Admin-Warn]:{ffffff} Now server hasn't any active admin

<2026/10/07 08:39:10>: [Admin-Warn]:{ffffff} Now server has at least one active admin

<2026/10/07 08:39:13>: [Admin-Warn]: {FFFFFF}Persian was unjailed by admin Vexer

<2026/10/07 08:39:20>: [Admin-Warn]:{ffffff} Now server hasn't any active admin

<2026/10/07 08:39:21>: [Admin-Warn]:{ffffff} Now server has at least one active admin

<2026/10/07 08:39:37>: [Admin-Warn]: {FFFFFF}Admin Vexer has promoted Persian to be leader of {2c4c9b}National Guard{ffffff}.

<2026/10/07 08:39:41>: {C60000}[Admin-Warn]: {FFFFFF}Admin Vexer demoted Persian to civilian.

<2026/10/07 08:39:45>: [Admin-Warn]: {FFFFFF}Admin Vexer has promoted Vexer to be leader of {2c4c9b}National Guard{ffffff}.

<2026/10/07 08:39:57>: [Admin-Warn]: {FFFFFF}Admin Vexer has respawned Vexer

<2026/10/07 08:41:14>: [Admin-Warn]:{ffffff} Now server hasn't any active admin

<2026/10/07 08:41:18>: [Admin-Warn]:{ffffff} Now server has at least one active admin

<2026/10/07 08:41:38>: [Admin-Warn]: {FFFFFF}Admin Vexer has respawned Persian

<2026/10/07 08:41:42>: [Admin-Warn]: {FFFFFF}Admin Vexer has respawned Vexer

<2026/10/07 08:41:49>: [Admin-Warn]:{ffffff} Vexer(1) abk/fly suspicious PL: 1.43, FPS: 51 (InVeh)

<2026/10/07 08:42:00>: [Admin-Warn]:{ffffff} Vexer(1) abk/fly suspicious PL: 1.42, FPS: 47 (InVeh)

<2026/10/07 08:42:10>: [Admin-Warn]:{ffffff} Now server hasn't any active admin

<2026/10/07 08:42:14>: [Admin-Warn]:{ffffff} Now server has at least one active admin

<2026/10/07 08:42:25>: [Admin-Warn]:{ffffff} Vexer(1) abk/fly suspicious PL: 2.97, FPS: 53 (InVeh)

<2026/10/07 08:43:18>: [Admin-Warn]:{ffffff} Vexer(1) abk/fly suspicious PL: 2.72, FPS: 40 (InVeh)

<2026/10/07 08:43:25>: [Admin-Warn]:{ffffff} Now server hasn't any active admin

<2026/10/07 08:43:26>: [Admin-Warn]:{ffffff} Now server has at least one active admin

<2026/10/07 08:43:51>: [Admin-Warn]: {FFFFFF}Too Much Speed: Vexer(1) (252Km/h), V:670(NRG-500).

<2026/10/07 08:43:57>: [Admin-Warn]: {FFFFFF}Too Much Speed: Vexer(1) (360Km/h), V:670(NRG-500).

<2026/10/07 08:45:07>: {C60000}[Admin-Warn]: {FFFFFF}Admin Vexer demoted Vexer to civilian.

<2026/10/07 08:45:08>: [Admin-Warn]: {FFFFFF}Admin Vexer has promoted Vexer to be leader of {0000CC}Federal Bureau of Investigation{ffffff}.

<2026/10/07 08:45:41>: [Admin-Warn]: {FFFFFF}Admin Vexer has given a(n) Desert Eagle to Vexer with 222 bullets.

<2026/10/07 08:45:48>: [Admin-Warn]:{ffffff} Vexer(1) abk/fly suspicious PL: 2.15, FPS: 37 (InVeh)

<2026/10/07 08:46:16>: [Admin-Warn]:{ffffff} Now server hasn't any active admin

<2026/10/07 08:46:20>: [Admin-Warn]:{ffffff} Now server has at least one active admin

<2026/10/07 08:46:34>: [Admin-Warn]:{ffffff} Now server hasn't any active admin

<2026/10/07 08:46:36>: [Admin-Warn]:{ffffff} Now server has at least one active admin

<2026/10/07 08:46:46>: [Admin-Warn]: {FFFFFF}Admin Vexer gothere Persian (With-Vehicle).

<2026/10/07 08:46:52>: [Admin-Warn]:{ffffff} Now server hasn't any active admin

<2026/10/07 08:46:53>: [Admin-Warn]:{ffffff} Now server has at least one active admin

<2026/10/07 08:47:06>: [Admin-Warn]: {ffffff}Player Persian(0) is suspicious for using aim bot

<2026/10/07 08:47:08>: [Admin-Warn]:{ffffff} Now server hasn't any active admin

<2026/10/07 08:47:28>: Persian has left the game (/q)

<2026/10/07 08:47:30>: Persian(0) has joined the server (Not Official SA-MP Version)

<2026/10/07 08:47:53>: [Admin-Warn]:{ffffff} Now server has at least one active admin

<2026/10/07 08:47:57>: [Admin-Warn]: {FFFFFF}Admin Vexer DVA all vehicles in 100.00 distance.

<2026/10/07 08:48:01>: [Admin-Warn]: {FFFFFF}Admin Vexer has RAC all vehicles in 100.00 distance.

<2026/10/07 08:48:21>: [Admin-Warn]:{ffffff} Now server hasn't any active admin

<2026/10/07 09:06:44>: Vexer(0) has joined the server (Official SA-MP 0.3.7)

<2026/10/07 09:06:54>: [Admin-Warn]:{ffffff} Now server has at least one active admin

<2026/10/07 09:06:54>: [Cheat-Warn]:{ffffff} Vexer(0), Cheat ID: #2

<2026/10/07 09:07:16>: [Cheat-Warn]:{ffffff} Vexer(0), Cheat ID: #9

<2026/10/07 09:07:16>: [Cheat-Warn]:{ffffff} Vexer(0), Cheat ID: #9

<2026/10/07 09:07:17>: [Cheat-Warn]:{ffffff} Vexer(0), Cheat ID: #9

<2026/10/07 09:07:17>: [Cheat-Warn]:{ffffff} Vexer(0), Cheat ID: #9

<2026/10/07 09:07:17>: [Cheat-Warn]:{ffffff} Vexer(0), Cheat ID: #9

<2026/10/07 09:07:17>: [Cheat-Warn]:{ffffff} Vexer(0), Cheat ID: #9

<2026/10/07 09:07:17>: [Cheat-Warn]:{ffffff} Vexer(0), Cheat ID: #9

<2026/10/07 09:07:17>: [Cheat-Warn]:{ffffff} Vexer(0), Cheat ID: #9

<2026/10/07 09:07:17>: [Cheat-Warn]:{ffffff} Vexer(0), Cheat ID: #9

<2026/10/07 09:07:17>: [Cheat-Warn]:{ffffff} Vexer(0), Cheat ID: #9

<2026/10/07 09:07:19>: [Cheat-Warn]:{ffffff} Vexer(0), Cheat ID: #9

<2026/10/07 09:07:19>: [Cheat-Warn]:{ffffff} Vexer(0), Cheat ID: #9

<2026/10/07 09:07:19>: [Cheat-Warn]:{ffffff} Vexer(0), Cheat ID: #9

<2026/10/07 09:07:19>: [Cheat-Warn]:{ffffff} Vexer(0), Cheat ID: #9

<2026/10/07 09:07:19>: [Cheat-Warn]:{ffffff} Vexer(0), Cheat ID: #9

<2026/10/07 09:07:19>: [Cheat-Warn]:{ffffff} Vexer(0), Cheat ID: #9

<2026/10/07 09:07:19>: [Cheat-Warn]:{ffffff} Vexer(0), Cheat ID: #9

<2026/10/07 09:07:19>: [Cheat-Warn]:{ffffff} Vexer(0), Cheat ID: #9

<2026/10/07 09:07:19>: [Cheat-Warn]:{ffffff} Vexer(0), Cheat ID: #9

<2026/10/07 09:07:19>: [Cheat-Warn]:{ffffff} Vexer(0), Cheat ID: #9

<2026/10/07 09:07:19>: [Cheat-Warn]:{ffffff} Vexer(0), Cheat ID: #9

<2026/10/07 09:07:19>: [Cheat-Warn]:{ffffff} Vexer(0), Cheat ID: #9

<2026/10/07 09:07:20>: [Cheat-Warn]:{ffffff} Vexer(0), Cheat ID: #9

<2026/10/07 09:07:20>: [Cheat-Warn]:{ffffff} Vexer(0), Cheat ID: #9

<2026/10/07 09:07:20>: [Cheat-Warn]:{ffffff} Vexer(0), Cheat ID: #9

<2026/10/07 09:07:20>: [Cheat-Warn]:{ffffff} Vexer(0), Cheat ID: #9

<2026/10/07 09:07:20>: [Cheat-Warn]:{ffffff} Vexer(0), Cheat ID: #9

<2026/10/07 09:07:30>: [Cheat-Warn]:{ffffff} Vexer(0), Cheat ID: #0

<2026/10/07 09:07:30>: [Cheat-Warn]:{ffffff} Vexer(0), Cheat ID: #0

<2026/10/07 09:07:30>: [Cheat-Warn]:{ffffff} Vexer(0), Cheat ID: #0

<2026/10/07 09:07:30>: [Cheat-Warn]:{ffffff} Vexer(0), Cheat ID: #0

<2026/10/07 09:07:30>: [Cheat-Warn]:{ffffff} Vexer(0), Cheat ID: #0

<2026/10/07 09:07:30>: [Cheat-Warn]:{ffffff} Vexer(0), Cheat ID: #0

<2026/10/07 09:07:30>: [Cheat-Warn]:{ffffff} Vexer(0), Cheat ID: #0

<2026/10/07 09:07:30>: [Cheat-Warn]:{ffffff} Vexer(0), Cheat ID: #0

<2026/10/07 09:07:30>: [Cheat-Warn]:{ffffff} Vexer(0), Cheat ID: #0

<2026/10/07 09:07:30>: [Cheat-Warn]:{ffffff} Vexer(0), Cheat ID: #0

<2026/10/07 09:07:30>: [Cheat-Warn]:{ffffff} Vexer(0), Cheat ID: #0

<2026/10/07 09:07:31>: [Cheat-Warn]:{ffffff} Vexer(0), Cheat ID: #0

<2026/10/07 09:07:31>: [Cheat-Warn]:{ffffff} Vexer(0), Cheat ID: #0

<2026/10/07 09:07:31>: [Cheat-Warn]:{ffffff} Vexer(0), Cheat ID: #0

<2026/10/07 09:07:31>: [Cheat-Warn]:{ffffff} Vexer(0), Cheat ID: #0

<2026/10/07 09:07:31>: [Cheat-Warn]:{ffffff} Vexer(0), Cheat ID: #0

<2026/10/07 09:07:31>: [Cheat-Warn]:{ffffff} Vexer(0), Cheat ID: #0

<2026/10/07 09:07:31>: [Cheat-Warn]:{ffffff} Vexer(0), Cheat ID: #0

<2026/10/07 09:07:31>: [Cheat-Warn]:{ffffff} Vexer(0), Cheat ID: #0

<2026/10/07 09:07:31>: [Cheat-Warn]:{ffffff} Vexer(0), Cheat ID: #0

<2026/10/07 09:07:31>: [Cheat-Warn]:{ffffff} Vexer(0), Cheat ID: #0

<2026/10/07 09:07:31>: [Cheat-Warn]:{ffffff} Vexer(0), Cheat ID: #0

<2026/10/07 09:07:31>: [Cheat-Warn]:{ffffff} Vexer(0), Cheat ID: #0

<2026/10/07 09:07:31>: [Cheat-Warn]:{ffffff} Vexer(0), Cheat ID: #0

<2026/10/07 09:07:31>: [Cheat-Warn]:{ffffff} Vexer(0), Cheat ID: #0

<2026/10/07 09:07:31>: [Cheat-Warn]:{ffffff} Vexer(0), Cheat ID: #0

<2026/10/07 09:07:31>: [Cheat-Warn]:{ffffff} Vexer(0), Cheat ID: #0

<2026/10/07 09:07:31>: [Cheat-Warn]:{ffffff} Vexer(0), Cheat ID: #0

<2026/10/07 09:07:31>: [Cheat-Warn]:{ffffff} Vexer(0), Cheat ID: #0

<2026/10/07 09:07:31>: [Cheat-Warn]:{ffffff} Vexer(0), Cheat ID: #0

<2026/10/07 09:07:31>: [Cheat-Warn]:{ffffff} Vexer(0), Cheat ID: #0

<2026/10/07 09:07:31>: [Cheat-Warn]:{ffffff} Vexer(0), Cheat ID: #0

<2026/10/07 09:07:32>: [Cheat-Warn]:{ffffff} Vexer(0), Cheat ID: #0

<2026/10/07 09:07:32>: [Cheat-Warn]:{ffffff} Vexer(0), Cheat ID: #0

<2026/10/07 09:07:32>: [Cheat-Warn]:{ffffff} Vexer(0), Cheat ID: #0

<2026/10/07 09:07:32>: [Cheat-Warn]:{ffffff} Vexer(0), Cheat ID: #0

<2026/10/07 09:07:32>: [Cheat-Warn]:{ffffff} Vexer(0), Cheat ID: #0

<2026/10/07 09:07:32>: [Cheat-Warn]:{ffffff} Vexer(0), Cheat ID: #0

<2026/10/07 09:07:32>: [Cheat-Warn]:{ffffff} Vexer(0), Cheat ID: #0

<2026/10/07 09:07:32>: [Cheat-Warn]:{ffffff} Vexer(0), Cheat ID: #0

<2026/10/07 09:07:32>: [Cheat-Warn]:{ffffff} Vexer(0), Cheat ID: #0

<2026/10/07 09:07:32>: [Cheat-Warn]:{ffffff} Vexer(0), Cheat ID: #0

<2026/10/07 09:07:32>: [Cheat-Warn]:{ffffff} Vexer(0), Cheat ID: #0

<2026/10/07 09:07:32>: [Cheat-Warn]:{ffffff} Vexer(0), Cheat ID: #0

<2026/10/07 09:07:32>: [Cheat-Warn]:{ffffff} Vexer(0), Cheat ID: #0

<2026/10/07 09:07:32>: [Cheat-Warn]:{ffffff} Vexer(0), Cheat ID: #0

<2026/10/07 09:07:32>: [Cheat-Warn]:{ffffff} Vexer(0), Cheat ID: #0

<2026/10/07 09:07:32>: [Cheat-Warn]:{ffffff} Vexer(0), Cheat ID: #0

<2026/10/07 09:07:32>: [Cheat-Warn]:{ffffff} Vexer(0), Cheat ID: #0

<2026/10/07 09:07:32>: [Cheat-Warn]:{ffffff} Vexer(0), Cheat ID: #0

<2026/10/07 09:07:33>: [Cheat-Warn]:{ffffff} Vexer(0), Cheat ID: #0

<2026/10/07 09:07:33>: [Cheat-Warn]:{ffffff} Vexer(0), Cheat ID: #0

<2026/10/07 09:07:33>: [Cheat-Warn]:{ffffff} Vexer(0), Cheat ID: #0

<2026/10/07 09:07:33>: [Cheat-Warn]:{ffffff} Vexer(0), Cheat ID: #0

<2026/10/07 09:07:34>: [Cheat-Warn]:{ffffff} Vexer(0), Cheat ID: #0

<2026/10/07 09:07:34>: [Cheat-Warn]:{ffffff} Vexer(0), Cheat ID: #0

<2026/10/07 09:07:34>: [Cheat-Warn]:{ffffff} Vexer(0), Cheat ID: #0

<2026/10/07 09:07:35>: [Cheat-Warn]:{ffffff} Vexer(0), Cheat ID: #0

<2026/10/07 09:07:35>: [Cheat-Warn]:{ffffff} Vexer(0), Cheat ID: #0

<2026/10/07 09:07:35>: [Cheat-Warn]:{ffffff} Vexer(0), Cheat ID: #0

<2026/10/07 18:16:37>: Vexer(0) has joined the server (Official SA-MP 0.3.7)

<2026/10/07 18:16:55>: [Admin-Warn]: {FFFFFF}Account register: Vexer(0)

<2026/10/07 18:16:55>: [Admin-Warn]: {ffffff}Player's HWID: ED40ED0E8089CC44C08EE9580F4C8C44EE8EE990

<2026/10/07 18:17:52>: Vexer has left the game (/q)

<2026/10/07 18:17:55>: Vexer(1) has joined the server (Official SA-MP 0.3.7)

<2026/10/07 18:18:14>: [Admin-Warn]:{ffffff} Now server has at least one active admin

<2026/10/07 18:18:28>: [Admin-Warn]:{ffffff} Now server hasn't any active admin

<2026/10/07 18:19:20>: [Admin-Warn]:{ffffff} Now server has at least one active admin

<2026/10/07 18:19:41>: [Admin-Warn]: {FFFFFF}Admin Vexer was turned on update countdown for:{FF00FF} Test{FFFFFF}.

<2026/10/07 18:20:03>: [Admin-Warn]:{ffffff} Now server hasn't any active admin

<2026/10/07 18:20:57>: Vexer has left the game (crashed/timedout)

<2026/10/07 18:21:14>: Vexer(0) has joined the server (Official SA-MP 0.3.7)

<2026/10/07 18:21:56>: [Admin-Warn]: {ffffff}Player Vexer entered wrong password 5 times on login (Kicked)

<2026/10/07 18:21:57>: Vexer has left the game (kicked/banned)

<2026/10/07 18:21:58>: Vexer(0) has joined the server (Not Official SA-MP Version)

<2026/10/07 18:21:59>: [Cheat-Warn]:{ffffff} Vexer(0), Cheat ID: #21

<2026/10/07 18:22:36>: Vexer(1) has joined the server (Official SA-MP 0.3.7)

<2026/10/07 18:23:20>: [Admin-Warn]: {ffffff}Player Vexer didn't login less than 30 seconds (Kicked)

<2026/10/07 18:23:20>: Vexer has left the game (kicked/banned)

<2026/10/07 18:23:24>: Vexer(0) has joined the server (Official SA-MP 0.3.7)

<2026/10/07 18:23:26>: [Cheat-Warn]:{ffffff} Vexer(0), Cheat ID: #21

<2026/10/07 18:24:01>: Vexer has left the game (/q)

<2026/10/07 18:24:04>: Vexer(1) has joined the server (Not Official SA-MP Version)

<2026/10/07 18:25:08>: Vexer(0) has joined the server (Official SA-MP 0.3.7)

<2026/10/07 18:25:24>: [Admin-Warn]: {FFFFFF}Account register: Vexer(0)

<2026/10/07 18:25:24>: [Admin-Warn]: {ffffff}Player's HWID: ED40ED0E8089CC44C08EE9580F4C8C44EE8EE990

<2026/10/07 18:27:15>: Vexer has left the game (crashed/timedout)

<2026/10/07 18:27:36>: Vexer(0) has joined the server (Not Official SA-MP Version)

<2026/10/07 18:27:52>: [Admin-Warn]:{ffffff} Now server has at least one active admin

<2026/10/07 18:28:05>: Vexer has left the game (/q)

<2026/10/07 18:28:05>: [Admin-Warn]:{ffffff} Now server hasn't any active admin

<2026/10/07 18:28:07>: Vexer(1) has joined the server (Official SA-MP 0.3.7)

<2026/10/07 18:28:23>: [Admin-Warn]:{ffffff} Now server has at least one active admin

<2026/10/07 18:28:30>: [Admin-Warn]:{ffffff} Now server hasn't any active admin

<2026/10/07 18:28:34>: [Admin-Warn]:{ffffff} Now server has at least one active admin

<2026/10/07 18:29:03>: [Admin-Warn]:{ffffff} Now server hasn't any active admin

<2026/10/07 18:29:28>: [Admin-Warn]:{ffffff} Now server has at least one active admin

<2026/10/07 18:29:35>: [Admin-Warn]:{ffffff} Now server hasn't any active admin

<2026/10/07 18:31:38>: [Admin-Warn]:{ffffff} Now server has at least one active admin

<2026/10/07 18:31:50>: [Admin-Warn]:{ffffff} Now server hasn't any active admin

<2026/10/07 18:33:56>: [Wonder](0) has joined the server (Not Official SA-MP Version)

<2026/10/07 18:34:02>: [Admin-Warn]:{ffffff} Now server has at least one active admin

<2026/10/07 18:34:14>: [Admin-Warn]: {FFFFFF}Account register: [Wonder](0)

<2026/10/07 18:34:14>: [Admin-Warn]: {ffffff}Player's HWID: ED40ED0E8089CC44C08EE9580F4C8C44EE8EE990

<2026/10/07 18:35:23>: [Admin-Warn]: {FFFFFF}Admin Vexer has promoted [Wonder] to admin level 12.

<2026/10/07 18:37:00>: [Admin-Warn]:{ffffff} Now server hasn't any active admin

<2026/10/07 18:37:08>: [Admin-Warn]:{ffffff} Now server has at least one active admin

<2026/10/07 18:39:07>: [Admin-Warn]:{ffffff} Now server hasn't any active admin

<2026/10/07 18:40:03>: [Admin-Warn]:{ffffff} Now server has at least one active admin

<2026/10/07 18:40:21>: [Admin-Warn]: {FFFFFF}Vehicle NRG-500 with id 772 created by [Wonder].

<2026/10/07 18:40:28>: [Admin-Warn]: {FFFFFF}Admin [Wonder] given all licenses to [Wonder].

<2026/10/07 18:41:41>: [Admin-Warn]: {FFFFFF}Vehicle Hydra with id 773 created by [Wonder].

<2026/10/07 18:42:07>: [Admin-Warn]: {FFFFFF}Admin [Wonder] deleted all created cars (that they created).

<2026/10/07 18:42:17>: [Admin-Warn]: {FFFFFF}Vehicle Hydra with id 772 created by [Wonder].

<2026/10/07 18:42:42>: [Admin-Warn]: {ffffff}Admin [Wonder] has put jump on vehicle id 772

<2026/10/07 18:44:13>: « CM Scripter {33CCFF}Vexer:{FFFFFF} khob {E04343}»

<2026/10/07 18:44:13>: « CM Scripter {33CCFF}Vexer:{FFFFFF} khob {E04343}»

<2026/10/07 18:44:18>: « CM Founder {33CCFF}[Wonder]:{FFFFFF} khob {E04343}»

<2026/10/07 18:44:18>: « CM Founder {33CCFF}[Wonder]:{FFFFFF} khob {E04343}»

<2026/10/07 18:44:21>: « CM Scripter {33CCFF}Vexer:{FFFFFF} goto bebinam micam miyad ya na {E04343}»

<2026/10/07 18:44:21>: « CM Scripter {33CCFF}Vexer:{FFFFFF} goto bebinam micam miyad ya na {E04343}»

<2026/10/07 18:44:31>: [Admin-Warn]: {FFFFFF}Admin Vexer gothere [Wonder] (With-Vehicle).

<2026/10/07 18:44:36>: [Admin-Warn]: {FFFFFF}Admin [Wonder] deleted all created cars (that they created).

<2026/10/07 18:46:52>: « CM Founder {33CCFF}[Wonder]:{FFFFFF} dash {E04343}»

<2026/10/07 18:46:52>: « CM Founder {33CCFF}[Wonder]:{FFFFFF} dash {E04343}»

<2026/10/07 18:47:16>: [Admin-Warn]: {ffffff}Player [Wonder](0) reported a bug

<2026/10/07 18:47:44>: « CM Scripter {33CCFF}Vexer:{FFFFFF} khob musicesh fek konam fix shod {E04343}»

<2026/10/07 18:47:44>: « CM Scripter {33CCFF}Vexer:{FFFFFF} khob musicesh fek konam fix shod {E04343}»

<2026/10/07 18:47:50>: [Admin-Warn]: {FFFFFF}Admin Vexer was turned on update countdown for:{FF00FF} Music{FFFFFF}.

<2026/10/07 18:48:15>: [Wonder] has left the game (/q)

<2026/10/07 18:48:24>: [Admin-Warn]:{ffffff} Now server hasn't any active admin

<2026/10/07 18:48:45>: Vexer(1) has joined the server (Official SA-MP 0.3.7)

<2026/10/07 18:48:46>: [Wonder](2) has joined the server (Official SA-MP 0.3.7)

<2026/10/07 18:49:02>: [Admin-Warn]:{ffffff} Now server has at least one active admin

<2026/10/07 18:51:14>: [Admin-Warn]:{ffffff} Now server hasn't any active admin

<2026/10/07 18:51:21>: [Wonder] has left the game (crashed/timedout)

<2026/10/07 18:53:09>: [Admin-Warn]:{ffffff} Now server has at least one active admin

<2026/10/07 18:53:30>: Vexer(0) has joined the server (Official SA-MP 0.3.7)

<2026/10/07 18:53:45>: [Admin-Warn]:{ffffff} Now server has at least one active admin

<2026/10/07 18:54:19>: [Admin-Warn]:{ffffff} Now server hasn't any active admin

<2026/10/07 18:56:40>: Vexer(0) has joined the server (Official SA-MP 0.3.7)

<2026/10/07 18:56:54>: [Admin-Warn]:{ffffff} Now server has at least one active admin

<2026/10/07 18:57:19>: [Admin-Warn]:{ffffff} Now server hasn't any active admin

<2026/10/07 18:58:54>: [Admin-Warn]:{ffffff} Now server has at least one active admin

<2026/10/07 18:59:13>: [Admin-Warn]:{ffffff} Now server hasn't any active admin

<2026/10/07 19:10:54>: [Admin-Warn]: {FFFFFF}The betshop has locked automatically after 10 minutes.

<2026/10/07 19:14:05>: [Wonder](1) has joined the server (Official SA-MP 0.3.7)

<2026/10/07 19:14:15>: [Admin-Warn]:{ffffff} Now server has at least one active admin

<2026/10/07 19:15:40>: Vexer has left the game (crashed/timedout)

<2026/10/07 19:16:04>: [Admin-Warn]:{ffffff} Now server hasn't any active admin

<2026/10/07 19:20:56>: [Wonder] has left the game (crashed/timedout)

<2026/10/07 19:23:06>: Vexer(0) has joined the server (Official SA-MP 0.3.7)

<2026/10/07 19:23:22>: [Admin-Warn]:{ffffff} Now server has at least one active admin

<2026/10/07 19:24:01>: [Admin-Warn]:{ffffff} Now server hasn't any active admin

<2026/10/07 19:24:59>: [Admin-Warn]:{ffffff} Now server has at least one active admin

<2026/10/07 19:25:07>: [Admin-Warn]:{ffffff} Now server hasn't any active admin

<2026/10/07 19:25:07>: [Admin-Warn]:{ffffff} Now server has at least one active admin

<2026/10/07 19:25:12>: [Admin-Warn]:{ffffff} Now server hasn't any active admin

<2026/10/07 19:26:34>: Vexer has left the game (crashed/timedout)

<2026/10/07 19:26:36>: Vexer(0) has joined the server (Not Official SA-MP Version)

<2026/10/07 19:26:47>: [Admin-Warn]:{ffffff} Now server has at least one active admin

<2026/10/07 19:27:25>: [Admin-Warn]: {FFFFFF}Admin Vexer has promoted Vexer to be leader of {19AF23}Dangerous Tiger Family{ffffff}.

<2026/10/07 19:27:31>: Vexer has left the game (/q)

<2026/10/07 19:27:31>: [Admin-Warn]:{ffffff} Now server hasn't any active admin

<2026/10/07 19:27:45>: Vexer(0) has joined the server (Not Official SA-MP Version)

<2026/10/07 19:28:06>: [Admin-Warn]:{ffffff} Now server has at least one active admin

<2026/10/07 19:29:02>: [Admin-Warn]:{ffffff} Now server hasn't any active admin

<2026/10/07 19:35:43>: [Admin-Warn]:{ffffff} Now server has at least one active admin

<2026/10/07 19:35:50>: {C60000}[Admin-Warn]: {FFFFFF}Admin Vexer demoted Vexer to civilian.

<2026/10/07 19:35:53>: [Admin-Warn]: {FFFFFF}Admin Vexer has promoted Vexer to be leader of {7A7399}Unknowns{ffffff}.

<2026/10/07 19:35:58>: Vexer has left the game (/q)

<2026/10/07 19:35:59>: [Admin-Warn]:{ffffff} Now server hasn't any active admin

<2026/10/07 19:36:01>: Vexer(1) has joined the server (Official SA-MP 0.3.7)

<2026/10/07 19:36:15>: [Admin-Warn]:{ffffff} Now server has at least one active admin

<2026/10/07 19:36:51>: {C60000}[Admin-Warn]: {FFFFFF}Admin Vexer demoted Vexer to civilian.

<2026/10/07 19:36:54>: [Admin-Warn]: {FFFFFF}Admin Vexer has promoted Vexer to be leader of {19AF23}Dangerous Tiger Family{ffffff}.

<2026/10/07 19:37:00>: Vexer has left the game (/q)

<2026/10/07 19:37:00>: [Admin-Warn]:{ffffff} Now server hasn't any active admin

<2026/10/07 19:37:01>: Vexer(0) has joined the server (Not Official SA-MP Version)

<2026/10/07 19:37:07>: [Admin-Warn]:{ffffff} Now server has at least one active admin

<2026/10/07 19:37:20>: Vexer has left the game (/q)

<2026/10/07 19:37:20>: [Admin-Warn]:{ffffff} Now server hasn't any active admin

<2026/10/07 19:37:33>: Vexer(0) has joined the server (Not Official SA-MP Version)

<2026/10/07 19:37:47>: [Admin-Warn]:{ffffff} Now server has at least one active admin

<2026/10/07 19:38:06>: {C60000}[Admin-Warn]: {FFFFFF}Admin Vexer demoted Vexer to civilian.

<2026/10/07 19:38:09>: [Admin-Warn]: {FFFFFF}Admin Vexer has promoted Vexer to be leader of {FFBA00}Legendary Men Family{ffffff}.

<2026/10/07 19:38:12>: Vexer has left the game (/q)

<2026/10/07 19:38:13>: [Admin-Warn]:{ffffff} Now server hasn't any active admin

<2026/10/07 19:38:14>: Vexer(1) has joined the server (Not Official SA-MP Version)

<2026/10/07 19:38:27>: [Admin-Warn]:{ffffff} Now server has at least one active admin

<2026/10/07 19:38:52>: {C60000}[Admin-Warn]: {FFFFFF}Admin Vexer demoted Vexer to civilian.

<2026/10/07 19:38:57>: [Admin-Warn]: {FFFFFF}Admin Vexer has promoted Vexer to be leader of {B32CF6}Fast N Furious Family{ffffff}.

<2026/10/07 19:38:59>: Vexer has left the game (/q)

<2026/10/07 19:39:00>: [Admin-Warn]:{ffffff} Now server hasn't any active admin

<2026/10/07 19:39:01>: Vexer(0) has joined the server (Not Official SA-MP Version)

<2026/10/07 19:39:13>: [Admin-Warn]:{ffffff} Now server has at least one active admin

<2026/10/07 19:39:26>: Vexer has left the game (crashed/timedout)

<2026/10/07 19:39:26>: [Admin-Warn]:{ffffff} Now server hasn't any active admin

<2026/10/07 19:40:44>: Vexer(0) has joined the server (Not Official SA-MP Version)

<2026/10/07 19:40:56>: [Admin-Warn]:{ffffff} Now server has at least one active admin

<2026/10/07 19:41:24>: {C60000}[Admin-Warn]: {FFFFFF}Admin Vexer demoted Vexer to civilian.

<2026/10/07 19:41:30>: [Admin-Warn]: {FFFFFF}Admin Vexer has promoted Vexer to be leader of {00ECEC}Storm Men Family{ffffff}.

<2026/10/07 19:41:36>: Vexer has left the game (/q)

<2026/10/07 19:41:36>: [Admin-Warn]:{ffffff} Now server hasn't any active admin

<2026/10/07 19:41:38>: Vexer(1) has joined the server (Not Official SA-MP Version)

<2026/10/07 19:41:49>: [Admin-Warn]:{ffffff} Now server has at least one active admin

<2026/10/07 19:42:03>: {C60000}[Admin-Warn]: {FFFFFF}Admin Vexer demoted Vexer to civilian.

<2026/10/07 19:42:09>: [Admin-Warn]: {FFFFFF}Admin Vexer has promoted Vexer to be leader of {F9F7CE}Tow Truck Company{ffffff}.

<2026/10/07 19:42:13>: Vexer has left the game (/q)

<2026/10/07 19:42:14>: [Admin-Warn]:{ffffff} Now server hasn't any active admin

<2026/10/07 19:42:16>: Vexer(1) has joined the server (Not Official SA-MP Version)

<2026/10/07 19:42:28>: [Admin-Warn]:{ffffff} Now server has at least one active admin

<2026/10/07 19:43:09>: {C60000}[Admin-Warn]: {FFFFFF}Admin Vexer demoted Vexer to civilian.

<2026/10/07 19:43:14>: [Admin-Warn]: {FFFFFF}Admin Vexer has promoted Vexer to be leader of {00a6ff}School Instructor{ffffff}.

<2026/10/07 19:43:17>: Vexer has left the game (/q)

<2026/10/07 19:43:17>: [Admin-Warn]:{ffffff} Now server hasn't any active admin

<2026/10/07 19:43:19>: Vexer(1) has joined the server (Not Official SA-MP Version)

<2026/10/07 19:43:32>: [Admin-Warn]:{ffffff} Now server has at least one active admin

<2026/10/07 19:44:02>: [Admin-Warn]:{ffffff} Now server hasn't any active admin

<2026/10/07 19:59:43>: Vexer(0) has joined the server (Official SA-MP 0.3.7)

<2026/10/07 20:00:03>: [Admin-Warn]:{ffffff} Now server has at least one active admin

<2026/10/07 20:00:14>: {C60000}[Admin-Warn]: {FFFFFF}Admin Vexer demoted Vexer to civilian.

<2026/10/07 20:00:15>: [Admin-Warn]: {FFFFFF}Admin Vexer has promoted Vexer to be leader of {19AF23}Dangerous Tiger Family{ffffff}.

<2026/10/07 20:00:18>: Vexer has left the game (/q)

<2026/10/07 20:00:18>: [Admin-Warn]:{ffffff} Now server hasn't any active admin

<2026/10/07 20:00:20>: Vexer(1) has joined the server (Official SA-MP 0.3.7)

<2026/10/07 20:00:33>: [Admin-Warn]:{ffffff} Now server has at least one active admin

<2026/10/07 20:03:29>: Vexer(0) has joined the server (Official SA-MP 0.3.7)

<2026/10/07 20:03:42>: [Admin-Warn]:{ffffff} Now server has at least one active admin

<2026/10/07 21:42:47>: Vexer(0) has joined the server (Official SA-MP 0.3.7)

<2026/10/07 21:43:01>: [Admin-Warn]:{ffffff} Now server has at least one active admin

<2026/10/07 21:54:12>: Vexer(0) has joined the server (Official SA-MP 0.3.7)

<2026/10/07 21:54:22>: [Cheat-Warn]:{ffffff} Vexer(0), Cheat ID: #52

<2026/10/07 21:54:26>: [Cheat-Warn]:{ffffff} Vexer(0), Cheat ID: #21

<2026/10/07 21:54:35>: [Admin-Warn]:{ffffff} Now server has at least one active admin

<2026/10/07 21:54:52>: Vexer has left the game (/q)

<2026/10/07 21:54:52>: [Admin-Warn]:{ffffff} Now server hasn't any active admin

<2026/10/07 21:55:05>: Vexer(0) has joined the server (Not Official SA-MP Version)

<2026/10/07 21:55:22>: [Admin-Warn]:{ffffff} Now server has at least one active admin

<2026/10/07 22:03:02>: Vexer(0) has joined the server (Official SA-MP 0.3.7)

<2026/10/07 22:03:21>: [Admin-Warn]:{ffffff} Now server has at least one active admin

<2026/10/07 22:08:24>: Vexer(0) has joined the server (Official SA-MP 0.3.7)

<2026/10/07 22:08:34>: [Admin-Warn]:{ffffff} Now server has at least one active admin

<2026/10/07 22:09:54>: Vexer(0) has joined the server (Official SA-MP 0.3.7)

<2026/10/07 22:10:06>: [Admin-Warn]:{ffffff} Now server has at least one active admin

<2026/10/07 22:12:32>: Vexer(0) has joined the server (Official SA-MP 0.3.7)

<2026/10/07 22:12:53>: Vexer has left the game (crashed/timedout)

<2026/10/07 22:13:05>: Vexer(0) has joined the server (Not Official SA-MP Version)

<2026/10/07 22:13:17>: [Admin-Warn]:{ffffff} Now server has at least one active admin

<2026/10/07 22:13:51>: [Admin-Warn]: {FFFFFF}Admin Vexer has respawned Vexer

<2026/10/07 22:13:53>: [Admin-Warn]: {FFFFFF}Admin Vexer has respawned Vexer

<2026/10/07 22:17:07>: Vexer(0) has joined the server (Official SA-MP 0.3.7)

<2026/10/07 22:17:21>: [Admin-Warn]:{ffffff} Now server has at least one active admin

<2026/10/07 22:17:49>: [Admin-Warn]: {FFFFFF}Admin Vexer has respawned Vexer

<2026/10/07 22:19:49>: Vexer(0) has joined the server (Official SA-MP 0.3.7)

<2026/10/07 22:20:00>: [Admin-Warn]:{ffffff} Now server has at least one active admin

<2026/10/07 22:30:11>: Vexer(0) has joined the server (Official SA-MP 0.3.7)

<2026/10/07 22:30:24>: [Admin-Warn]:{ffffff} Now server has at least one active admin

<2026/10/07 22:35:10>: Vexer(0) has joined the server (Official SA-MP 0.3.7)

<2026/10/07 22:35:27>: [Admin-Warn]:{ffffff} Now server has at least one active admin

<2026/10/07 22:43:40>: Vexer(0) has joined the server (Official SA-MP 0.3.7)

<2026/10/07 22:43:52>: [Admin-Warn]:{ffffff} Now server has at least one active admin

<2026/10/07 22:46:18>: Vexer(0) has joined the server (Official SA-MP 0.3.7)

<2026/10/07 22:46:30>: [Admin-Warn]:{ffffff} Now server has at least one active admin

<2026/10/07 22:57:42>: Vexer(0) has joined the server (Official SA-MP 0.3.7)

<2026/10/07 22:57:58>: [Admin-Warn]:{ffffff} Now server has at least one active admin

<2026/10/07 22:58:04>: [Cheat-Warn]:{ffffff} Vexer(0), Cheat ID: #21

<2026/10/07 22:58:22>: Vexer has left the game (/q)

<2026/10/07 22:58:22>: [Admin-Warn]:{ffffff} Now server hasn't any active admin

<2026/10/07 22:58:23>: Vexer(0) has joined the server (Not Official SA-MP Version)

<2026/10/07 22:58:35>: [Admin-Warn]:{ffffff} Now server has at least one active admin

<2026/10/07 22:58:41>: [Cheat-Warn]:{ffffff} Vexer(0), Cheat ID: #21

<2026/10/07 22:59:12>: Vexer(0) has joined the server (Official SA-MP 0.3.7)

<2026/10/07 22:59:26>: [Admin-Warn]:{ffffff} Now server has at least one active admin

<2026/10/07 23:09:52>: Vexer(0) has joined the server (Official SA-MP 0.3.7)

<2026/10/07 23:10:04>: [Admin-Warn]:{ffffff} Now server has at least one active admin

<2026/10/07 23:10:10>: [Cheat-Warn]:{ffffff} Vexer(0), Cheat ID: #21

<2026/10/07 23:10:25>: {C60000}[Admin-Warn]: {FFFFFF}Admin Vexer demoted Vexer to civilian.

<2026/10/07 23:10:32>: Vexer has left the game (/q)

<2026/10/07 23:10:33>: [Admin-Warn]:{ffffff} Now server hasn't any active admin

<2026/10/07 23:10:34>: Vexer(1) has joined the server (Official SA-MP 0.3.7)

<2026/10/07 23:10:50>: [Admin-Warn]:{ffffff} Now server has at least one active admin

<2026/10/07 23:12:40>: Vexer(0) has joined the server (Official SA-MP 0.3.7)

<2026/10/07 23:12:52>: [Admin-Warn]:{ffffff} Now server has at least one active admin

<2026/10/07 23:13:08>: [Admin-Warn]: {FFFFFF}Admin Vexer has promoted Vexer to be leader of {19AF23}Dangerous Tiger Family{ffffff}.

<2026/10/07 23:13:12>: Vexer has left the game (/q)

<2026/10/07 23:13:12>: [Admin-Warn]:{ffffff} Now server hasn't any active admin

<2026/10/07 23:13:26>: Vexer(0) has joined the server (Not Official SA-MP Version)

<2026/10/07 23:13:38>: [Admin-Warn]:{ffffff} Now server has at least one active admin

<2026/10/07 23:13:43>: [Cheat-Warn]:{ffffff} Vexer(0), Cheat ID: #21

<2026/10/07 23:13:55>: [Admin-Warn]:{ffffff} Now server hasn't any active admin

<2026/10/07 23:14:21>: Vexer(0) has joined the server (Official SA-MP 0.3.7)

<2026/10/07 23:14:32>: [Admin-Warn]:{ffffff} Now server has at least one active admin

<2026/10/07 23:14:38>: [Cheat-Warn]:{ffffff} Vexer(0), Cheat ID: #21

<2026/10/07 23:16:04>: Vexer(0) has joined the server (Official SA-MP 0.3.7)

<2026/10/07 23:16:16>: [Admin-Warn]:{ffffff} Now server has at least one active admin

<2026/10/07 23:17:00>: Vexer(0) has joined the server (Official SA-MP 0.3.7)

<2026/10/07 23:17:11>: [Admin-Warn]:{ffffff} Now server has at least one active admin

<2026/10/07 23:19:24>: Vexer(0) has joined the server (Official SA-MP 0.3.7)

<2026/10/07 23:19:37>: [Admin-Warn]:{ffffff} Now server has at least one active admin

<2026/10/07 23:19:42>: [Cheat-Warn]:{ffffff} Vexer(0), Cheat ID: #21

<2026/10/07 23:21:23>: Vexer(0) has joined the server (Official SA-MP 0.3.7)

<2026/10/07 23:21:35>: [Admin-Warn]:{ffffff} Now server has at least one active admin

<2026/10/07 23:21:40>: [Cheat-Warn]:{ffffff} Vexer(0), Cheat ID: #21

<2026/10/07 23:23:35>: Vexer(0) has joined the server (Official SA-MP 0.3.7)

<2026/10/07 23:23:46>: [Admin-Warn]:{ffffff} Now server has at least one active admin

<2026/10/07 23:23:52>: [Cheat-Warn]:{ffffff} Vexer(0), Cheat ID: #21

<2026/10/07 23:23:59>: {C60000}[Admin-Warn]: {FFFFFF}Admin Vexer demoted Vexer to civilian.

<2026/10/07 23:24:03>: [Admin-Warn]: {FFFFFF}Admin Vexer has promoted Vexer to be leader of {00ECEC}Storm Men Family{ffffff}.

<2026/10/07 23:24:07>: Vexer has left the game (/q)

<2026/10/07 23:24:07>: [Admin-Warn]:{ffffff} Now server hasn't any active admin

<2026/10/07 23:24:08>: Vexer(0) has joined the server (Not Official SA-MP Version)

<2026/10/07 23:24:20>: [Admin-Warn]:{ffffff} Now server has at least one active admin

<2026/10/07 23:24:26>: [Cheat-Warn]:{ffffff} Vexer(0), Cheat ID: #21

<2026/10/07 23:25:02>: [Admin-Warn]:{ffffff} Now server hasn't any active admin

<2026/10/07 23:27:09>: Vexer(0) has joined the server (Official SA-MP 0.3.7)

<2026/10/07 23:27:21>: [Admin-Warn]:{ffffff} Now server has at least one active admin

<2026/10/07 23:27:27>: [Cheat-Warn]:{ffffff} Vexer(0), Cheat ID: #21

<2026/10/07 23:27:36>: {C60000}[Admin-Warn]: {FFFFFF}Admin Vexer demoted Vexer to civilian.

<2026/10/07 23:27:39>: [Admin-Warn]: {FFFFFF}Admin Vexer has respawned Vexer

<2026/10/07 23:29:36>: Vexer(0) has joined the server (Official SA-MP 0.3.7)

<2026/10/07 23:29:49>: [Admin-Warn]:{ffffff} Now server has at least one active admin

<2026/10/07 23:29:56>: [Admin-Warn]:{ffffff} Now server hasn't any active admin

<2026/10/07 23:31:24>: Vexer(0) has joined the server (Official SA-MP 0.3.7)

<2026/10/07 23:31:36>: [Admin-Warn]:{ffffff} Now server has at least one active admin

<2026/10/07 23:31:55>: [Admin-Warn]:{ffffff} Now server hasn't any active admin

<2026/10/07 23:34:13>: Vexer(0) has joined the server (Official SA-MP 0.3.7)

<2026/10/07 23:34:24>: [Admin-Warn]:{ffffff} Now server has at least one active admin

<2026/10/07 23:34:41>: [Admin-Warn]:{ffffff} Now server hasn't any active admin

<2026/10/07 23:34:49>: Vexer has left the game (crashed/timedout)

